// Jest Snapshot v1, https://goo.gl/fbAQLP

exports[`Component | AppSuratesList When surates are being fetched should match App snapshot 1`] = `
<div>
  <progress
    class="progress is-small"
    max="100"
  />
</div>
`;

exports[`Component | AppSuratesList When surates have already been fetched should match App snapshot 1`] = `
<div>
  <div>
    <div
      class="card"
    >
      <div
        class="card-content"
      >
        <p
          class="is-size-4 has-text-centered has-cursor-pointer"
        >
          <span>
            1. Al-Fatihah (7)(الفاتحة)
          </span>
          <br />
           
          <span
            class="is-size-5"
          >
            L'ouverture
          </span>
        </p>
      </div>
    </div>
  </div>
</div>
`;
